// Jest Snapshot v1, https://goo.gl/fbAQLP

exports[`NotFound renders correctly 1`] = `
<div
  className="layout"
>
  <div
    className="center"
  >
    <h3>
      404 Not Found.
    </h3>
  </div>
</div>
`;
